[2025-01-14T18:11:09.355+0000] {taskinstance.py:1157} INFO - Dependencies all met for dep_context=non-requeueable deps ti=<TaskInstance: data_lake_pipeline.process_to_curated manual__2025-01-14T18:10:33.991310+00:00 [queued]>
[2025-01-14T18:11:09.378+0000] {taskinstance.py:1157} INFO - Dependencies all met for dep_context=requeueable deps ti=<TaskInstance: data_lake_pipeline.process_to_curated manual__2025-01-14T18:10:33.991310+00:00 [queued]>
[2025-01-14T18:11:09.379+0000] {taskinstance.py:1359} INFO - Starting attempt 1 of 2
[2025-01-14T18:11:09.409+0000] {taskinstance.py:1380} INFO - Executing <Task(BashOperator): process_to_curated> on 2025-01-14 18:10:33.991310+00:00
[2025-01-14T18:11:09.420+0000] {standard_task_runner.py:57} INFO - Started process 1276 to run task
[2025-01-14T18:11:09.430+0000] {standard_task_runner.py:84} INFO - Running: ['***', 'tasks', 'run', 'data_lake_pipeline', 'process_to_curated', 'manual__2025-01-14T18:10:33.991310+00:00', '--job-id', '53', '--raw', '--subdir', 'DAGS_FOLDER/data_lake_pipeline.py', '--cfg-path', '/tmp/tmp2yi4xmvj']
[2025-01-14T18:11:09.435+0000] {standard_task_runner.py:85} INFO - Job 53: Subtask process_to_curated
[2025-01-14T18:11:09.469+0000] {logging_mixin.py:151} WARNING - /home/***/.local/lib/python3.8/site-packages/***/settings.py:195 DeprecationWarning: The sql_alchemy_conn option in [core] has been moved to the sql_alchemy_conn option in [database] - the old setting has been used, but please update your config.
[2025-01-14T18:11:09.534+0000] {task_command.py:415} INFO - Running <TaskInstance: data_lake_pipeline.process_to_curated manual__2025-01-14T18:10:33.991310+00:00 [running]> on host 18b754b87e66
[2025-01-14T18:11:09.681+0000] {taskinstance.py:1660} INFO - Exporting env vars: AIRFLOW_CTX_DAG_OWNER='***' AIRFLOW_CTX_DAG_ID='data_lake_pipeline' AIRFLOW_CTX_TASK_ID='process_to_curated' AIRFLOW_CTX_EXECUTION_DATE='2025-01-14T18:10:33.991310+00:00' AIRFLOW_CTX_TRY_NUMBER='1' AIRFLOW_CTX_DAG_RUN_ID='manual__2025-01-14T18:10:33.991310+00:00'
[2025-01-14T18:11:09.683+0000] {subprocess.py:63} INFO - Tmp dir root location: /tmp
[2025-01-14T18:11:09.685+0000] {subprocess.py:75} INFO - Running command: ['/bin/bash', '-c', 'python /opt/***/scripts/process_to_curated.py --mysql_host mysql --mysql_user root --mysql_password root --mongo_uri mongodb://mongodb:27017/ --mysql_port 3307']
[2025-01-14T18:11:09.703+0000] {subprocess.py:86} INFO - Output:
[2025-01-14T18:11:12.224+0000] {subprocess.py:93} INFO - None of PyTorch, TensorFlow >= 2.0, or Flax have been found. Models won't be available and only tokenizers, configuration and file/data utilities can be used.
[2025-01-14T18:11:13.428+0000] {subprocess.py:93} INFO - Récupération des données depuis MySQL...
[2025-01-14T18:11:13.428+0000] {subprocess.py:93} INFO - Erreur lors de la récupération des données MySQL: 2003 (HY000): Can't connect to MySQL server on 'mysql:3307' (111)
[2025-01-14T18:11:13.429+0000] {subprocess.py:93} INFO - Aucune donnée récupérée depuis MySQL
[2025-01-14T18:11:13.702+0000] {subprocess.py:97} INFO - Command exited with return code 0
[2025-01-14T18:11:13.751+0000] {taskinstance.py:1398} INFO - Marking task as SUCCESS. dag_id=data_lake_pipeline, task_id=process_to_curated, execution_date=20250114T181033, start_date=20250114T181109, end_date=20250114T181113
[2025-01-14T18:11:13.794+0000] {local_task_job_runner.py:228} INFO - Task exited with return code 0
[2025-01-14T18:11:13.826+0000] {taskinstance.py:2776} INFO - 0 downstream tasks scheduled from follow-on schedule check
