[2025-01-14T18:26:11.089+0000] {taskinstance.py:1157} INFO - Dependencies all met for dep_context=non-requeueable deps ti=<TaskInstance: data_lake_pipeline.unpack_to_raw manual__2025-01-14T18:25:58.146269+00:00 [queued]>
[2025-01-14T18:26:11.142+0000] {taskinstance.py:1157} INFO - Dependencies all met for dep_context=requeueable deps ti=<TaskInstance: data_lake_pipeline.unpack_to_raw manual__2025-01-14T18:25:58.146269+00:00 [queued]>
[2025-01-14T18:26:11.143+0000] {taskinstance.py:1359} INFO - Starting attempt 1 of 2
[2025-01-14T18:26:11.244+0000] {taskinstance.py:1380} INFO - Executing <Task(BashOperator): unpack_to_raw> on 2025-01-14 18:25:58.146269+00:00
[2025-01-14T18:26:11.264+0000] {standard_task_runner.py:57} INFO - Started process 369 to run task
[2025-01-14T18:26:11.276+0000] {standard_task_runner.py:84} INFO - Running: ['***', 'tasks', 'run', 'data_lake_pipeline', 'unpack_to_raw', 'manual__2025-01-14T18:25:58.146269+00:00', '--job-id', '55', '--raw', '--subdir', 'DAGS_FOLDER/data_lake_pipeline.py', '--cfg-path', '/tmp/tmphdhv_gv1']
[2025-01-14T18:26:11.285+0000] {standard_task_runner.py:85} INFO - Job 55: Subtask unpack_to_raw
[2025-01-14T18:26:11.362+0000] {logging_mixin.py:151} WARNING - /home/***/.local/lib/python3.8/site-packages/***/settings.py:195 DeprecationWarning: The sql_alchemy_conn option in [core] has been moved to the sql_alchemy_conn option in [database] - the old setting has been used, but please update your config.
[2025-01-14T18:26:11.487+0000] {task_command.py:415} INFO - Running <TaskInstance: data_lake_pipeline.unpack_to_raw manual__2025-01-14T18:25:58.146269+00:00 [running]> on host 01963409405d
[2025-01-14T18:26:11.942+0000] {taskinstance.py:1660} INFO - Exporting env vars: AIRFLOW_CTX_DAG_OWNER='***' AIRFLOW_CTX_DAG_ID='data_lake_pipeline' AIRFLOW_CTX_TASK_ID='unpack_to_raw' AIRFLOW_CTX_EXECUTION_DATE='2025-01-14T18:25:58.146269+00:00' AIRFLOW_CTX_TRY_NUMBER='1' AIRFLOW_CTX_DAG_RUN_ID='manual__2025-01-14T18:25:58.146269+00:00'
[2025-01-14T18:26:11.952+0000] {subprocess.py:63} INFO - Tmp dir root location: /tmp
[2025-01-14T18:26:11.955+0000] {subprocess.py:75} INFO - Running command: ['/bin/bash', '-c', 'python /opt/***/build/unpack_to_raw.py --output-dir /opt/***/data/raw --endpoint-url http://localstack:4566']
[2025-01-14T18:26:12.007+0000] {subprocess.py:86} INFO - Output:
[2025-01-14T18:26:37.703+0000] {subprocess.py:93} INFO - Téléchargement des données...
[2025-01-14T18:26:38.147+0000] {subprocess.py:93} INFO - Generating test split:   0%|          | 0/4358 [00:00<?, ? examples/s]Generating test split:  23%|██▎       | 1000/4358 [00:00<00:01, 2772.57 examples/s]Generating test split: 100%|██████████| 4358/4358 [00:00<00:00, 10440.74 examples/s]
[2025-01-14T18:26:38.421+0000] {subprocess.py:93} INFO - Generating train split:   0%|          | 0/36718 [00:00<?, ? examples/s]Generating train split:  35%|███▌      | 13000/36718 [00:00<00:00, 127214.88 examples/s]Generating train split:  79%|███████▉  | 29000/36718 [00:00<00:00, 141787.80 examples/s]Generating train split: 100%|██████████| 36718/36718 [00:00<00:00, 134110.61 examples/s]
[2025-01-14T18:26:39.719+0000] {subprocess.py:93} INFO - Generating validation split:   0%|          | 0/3760 [00:00<?, ? examples/s]Generating validation split: 100%|██████████| 3760/3760 [00:00<00:00, 122671.95 examples/s]
[2025-01-14T18:26:39.720+0000] {subprocess.py:93} INFO - Données téléchargées et organisées.
[2025-01-14T18:26:39.720+0000] {subprocess.py:93} INFO - Combinaison et téléversement des fichiers...
[2025-01-14T18:26:39.720+0000] {subprocess.py:93} INFO - Erreur lors du téléversement : Unable to locate credentials
[2025-01-14T18:26:39.720+0000] {subprocess.py:93} INFO - Traitement terminé.
[2025-01-14T18:26:40.095+0000] {subprocess.py:97} INFO - Command exited with return code 0
[2025-01-14T18:26:40.155+0000] {taskinstance.py:1398} INFO - Marking task as SUCCESS. dag_id=data_lake_pipeline, task_id=unpack_to_raw, execution_date=20250114T182558, start_date=20250114T182611, end_date=20250114T182640
[2025-01-14T18:26:40.214+0000] {local_task_job_runner.py:228} INFO - Task exited with return code 0
[2025-01-14T18:26:40.260+0000] {taskinstance.py:2776} INFO - 1 downstream tasks scheduled from follow-on schedule check
