[2025-01-14T17:54:57.638+0000] {taskinstance.py:1157} INFO - Dependencies all met for dep_context=non-requeueable deps ti=<TaskInstance: data_lake_pipeline.process_to_curated scheduled__2025-01-13T00:00:00+00:00 [queued]>
[2025-01-14T17:54:57.672+0000] {taskinstance.py:1157} INFO - Dependencies all met for dep_context=requeueable deps ti=<TaskInstance: data_lake_pipeline.process_to_curated scheduled__2025-01-13T00:00:00+00:00 [queued]>
[2025-01-14T17:54:57.673+0000] {taskinstance.py:1359} INFO - Starting attempt 1 of 2
[2025-01-14T17:54:57.717+0000] {taskinstance.py:1380} INFO - Executing <Task(BashOperator): process_to_curated> on 2025-01-13 00:00:00+00:00
[2025-01-14T17:54:57.739+0000] {standard_task_runner.py:57} INFO - Started process 222 to run task
[2025-01-14T17:54:57.747+0000] {standard_task_runner.py:84} INFO - Running: ['***', 'tasks', 'run', 'data_lake_pipeline', 'process_to_curated', 'scheduled__2025-01-13T00:00:00+00:00', '--job-id', '33', '--raw', '--subdir', 'DAGS_FOLDER/data_lake_pipeline.py', '--cfg-path', '/tmp/tmpfjvm1s1t']
[2025-01-14T17:54:57.757+0000] {standard_task_runner.py:85} INFO - Job 33: Subtask process_to_curated
[2025-01-14T17:54:57.830+0000] {logging_mixin.py:151} WARNING - /home/***/.local/lib/python3.8/site-packages/***/settings.py:195 DeprecationWarning: The sql_alchemy_conn option in [core] has been moved to the sql_alchemy_conn option in [database] - the old setting has been used, but please update your config.
[2025-01-14T17:54:57.997+0000] {task_command.py:415} INFO - Running <TaskInstance: data_lake_pipeline.process_to_curated scheduled__2025-01-13T00:00:00+00:00 [running]> on host 18b754b87e66
[2025-01-14T17:54:58.366+0000] {taskinstance.py:1660} INFO - Exporting env vars: AIRFLOW_CTX_DAG_OWNER='***' AIRFLOW_CTX_DAG_ID='data_lake_pipeline' AIRFLOW_CTX_TASK_ID='process_to_curated' AIRFLOW_CTX_EXECUTION_DATE='2025-01-13T00:00:00+00:00' AIRFLOW_CTX_TRY_NUMBER='1' AIRFLOW_CTX_DAG_RUN_ID='scheduled__2025-01-13T00:00:00+00:00'
[2025-01-14T17:54:58.367+0000] {subprocess.py:63} INFO - Tmp dir root location: /tmp
[2025-01-14T17:54:58.370+0000] {subprocess.py:75} INFO - Running command: ['/bin/bash', '-c', 'python /opt/***/scripts/process_to_curated.py --mysql_host mysql --mysql_user root --mysql_password root --mongo_uri mongodb://mongodb:27017/ --mysql_port 3307']
[2025-01-14T17:54:58.389+0000] {subprocess.py:86} INFO - Output:
[2025-01-14T17:55:03.126+0000] {subprocess.py:93} INFO - None of PyTorch, TensorFlow >= 2.0, or Flax have been found. Models won't be available and only tokenizers, configuration and file/data utilities can be used.
[2025-01-14T17:55:05.597+0000] {subprocess.py:93} INFO - Récupération des données depuis MySQL...
[2025-01-14T17:55:05.598+0000] {subprocess.py:93} INFO - Erreur lors de la récupération des données MySQL: 2003 (HY000): Can't connect to MySQL server on 'mysql:3307' (111)
[2025-01-14T17:55:05.598+0000] {subprocess.py:93} INFO - Aucune donnée récupérée depuis MySQL
[2025-01-14T17:55:05.899+0000] {subprocess.py:97} INFO - Command exited with return code 0
[2025-01-14T17:55:05.984+0000] {taskinstance.py:1398} INFO - Marking task as SUCCESS. dag_id=data_lake_pipeline, task_id=process_to_curated, execution_date=20250113T000000, start_date=20250114T175457, end_date=20250114T175505
[2025-01-14T17:55:06.171+0000] {local_task_job_runner.py:228} INFO - Task exited with return code 0
[2025-01-14T17:55:06.208+0000] {taskinstance.py:2776} INFO - 0 downstream tasks scheduled from follow-on schedule check
