[2025-01-14T17:56:07.177+0000] {taskinstance.py:1157} INFO - Dependencies all met for dep_context=non-requeueable deps ti=<TaskInstance: data_lake_pipeline.unpack_to_raw scheduled__2025-01-05T00:00:00+00:00 [queued]>
[2025-01-14T17:56:07.280+0000] {taskinstance.py:1157} INFO - Dependencies all met for dep_context=requeueable deps ti=<TaskInstance: data_lake_pipeline.unpack_to_raw scheduled__2025-01-05T00:00:00+00:00 [queued]>
[2025-01-14T17:56:07.284+0000] {taskinstance.py:1359} INFO - Starting attempt 2 of 2
[2025-01-14T17:56:07.620+0000] {taskinstance.py:1380} INFO - Executing <Task(BashOperator): unpack_to_raw> on 2025-01-05 00:00:00+00:00
[2025-01-14T17:56:07.784+0000] {standard_task_runner.py:57} INFO - Started process 347 to run task
[2025-01-14T17:56:08.179+0000] {standard_task_runner.py:84} INFO - Running: ['***', 'tasks', 'run', 'data_lake_pipeline', 'unpack_to_raw', 'scheduled__2025-01-05T00:00:00+00:00', '--job-id', '42', '--raw', '--subdir', 'DAGS_FOLDER/data_lake_pipeline.py', '--cfg-path', '/tmp/tmp73i9w5po']
[2025-01-14T17:56:08.465+0000] {standard_task_runner.py:85} INFO - Job 42: Subtask unpack_to_raw
[2025-01-14T17:56:09.387+0000] {logging_mixin.py:151} WARNING - /home/***/.local/lib/python3.8/site-packages/***/settings.py:195 DeprecationWarning: The sql_alchemy_conn option in [core] has been moved to the sql_alchemy_conn option in [database] - the old setting has been used, but please update your config.
[2025-01-14T17:56:11.391+0000] {task_command.py:415} INFO - Running <TaskInstance: data_lake_pipeline.unpack_to_raw scheduled__2025-01-05T00:00:00+00:00 [running]> on host 18b754b87e66
[2025-01-14T17:56:12.952+0000] {taskinstance.py:1660} INFO - Exporting env vars: AIRFLOW_CTX_DAG_OWNER='***' AIRFLOW_CTX_DAG_ID='data_lake_pipeline' AIRFLOW_CTX_TASK_ID='unpack_to_raw' AIRFLOW_CTX_EXECUTION_DATE='2025-01-05T00:00:00+00:00' AIRFLOW_CTX_TRY_NUMBER='2' AIRFLOW_CTX_DAG_RUN_ID='scheduled__2025-01-05T00:00:00+00:00'
[2025-01-14T17:56:13.071+0000] {subprocess.py:63} INFO - Tmp dir root location: /tmp
[2025-01-14T17:56:13.107+0000] {subprocess.py:75} INFO - Running command: ['/bin/bash', '-c', 'python /opt/***/build/unpack_to_raw.py --output-dir /opt/***/data/raw --endpoint-url http://localstack:4566']
[2025-01-14T17:56:13.755+0000] {subprocess.py:86} INFO - Output:
[2025-01-14T17:57:15.583+0000] {subprocess.py:93} INFO - Téléchargement des données...
[2025-01-14T17:57:15.836+0000] {subprocess.py:93} INFO - Données téléchargées et organisées.
[2025-01-14T17:57:15.838+0000] {subprocess.py:93} INFO - Combinaison et téléversement des fichiers...
[2025-01-14T17:57:15.838+0000] {subprocess.py:93} INFO - Erreur lors du téléversement : Unable to locate credentials
[2025-01-14T17:57:15.839+0000] {subprocess.py:93} INFO - Traitement terminé.
[2025-01-14T17:57:16.636+0000] {subprocess.py:97} INFO - Command exited with return code 0
[2025-01-14T17:57:16.948+0000] {taskinstance.py:1398} INFO - Marking task as SUCCESS. dag_id=data_lake_pipeline, task_id=unpack_to_raw, execution_date=20250105T000000, start_date=20250114T175607, end_date=20250114T175716
[2025-01-14T17:57:17.245+0000] {local_task_job_runner.py:228} INFO - Task exited with return code 0
[2025-01-14T17:57:17.595+0000] {taskinstance.py:2776} INFO - 1 downstream tasks scheduled from follow-on schedule check
